// Vitest Snapshot v1, https://vitest.dev/guide/snapshot.html

exports[`dry-run > does not create files on install dry-run 1`] = `
"{
  "skillId": "skill-apple-ui",
  "sourcePath": "<SOURCE_SKILL>",
  "targetPath": "<TARGET_SKILL>",
  "files": [
    "skill.md",
    "examples.md",
    "README.md"
  ],
  "action": "dry-run"
}"
`;
